

================================================================
== Vitis HLS Report for 'xfMat2axis_24_9_2160_3840_1_s'
================================================================
* Date:           Sat Jun 18 18:21:43 2022

* Version:        2021.2 (Build 3367213 on Tue Oct 19 02:48:09 MDT 2021)
* Project:        resize
* Solution:       solution1 (Vivado IP Flow Target)
* Product family: zynq
* Target device:  xc7z020-clg400-1


================================================================
== Performance Estimates
================================================================
+ Timing: 
    * Summary: 
    +--------+----------+----------+------------+
    |  Clock |  Target  | Estimated| Uncertainty|
    +--------+----------+----------+------------+
    |ap_clk  |  10.00 ns|  6.534 ns|     2.70 ns|
    +--------+----------+----------+------------+

+ Latency: 
    * Summary: 
    +---------+---------+-----------+-----------+-----+---------+---------+
    |  Latency (cycles) |   Latency (absolute)  |    Interval   | Pipeline|
    |   min   |   max   |    min    |    max    | min |   max   |   Type  |
    +---------+---------+-----------+-----------+-----+---------+---------+
    |        2|  8303042|  20.000 ns|  83.030 ms|    2|  8303042|       no|
    +---------+---------+-----------+-----------+-----+---------+---------+

    + Detail: 
        * Instance: 
        +-----------------------------------------------------------------+-------------------------------------------------------+---------+---------+-----------+-----------+-----+------+---------+
        |                                                                 |                                                       |  Latency (cycles) |   Latency (absolute)  |  Interval  | Pipeline|
        |                             Instance                            |                         Module                        |   min   |   max   |    min    |    max    | min |  max |   Type  |
        +-----------------------------------------------------------------+-------------------------------------------------------+---------+---------+-----------+-----------+-----+------+---------+
        |grp_xfMat2axis_24_9_2160_3840_1_Pipeline_loop_col_mat2axi_fu_82  |xfMat2axis_24_9_2160_3840_1_Pipeline_loop_col_mat2axi  |        2|     3842|  20.000 ns|  38.420 us|    2|  3842|       no|
        +-----------------------------------------------------------------+-------------------------------------------------------+---------+---------+-----------+-----------+-----+------+---------+

        * Loop: 
        +--------------------+---------+---------+----------+-----------+-----------+----------+----------+
        |                    |  Latency (cycles) | Iteration|  Initiation Interval  |   Trip   |          |
        |      Loop Name     |   min   |   max   |  Latency |  achieved |   target  |   Count  | Pipelined|
        +--------------------+---------+---------+----------+-----------+-----------+----------+----------+
        |- loop_row_mat2axi  |        0|  8303040|  4 ~ 3844|          -|          -|  0 ~ 2160|        no|
        +--------------------+---------+---------+----------+-----------+-----------+----------+----------+



================================================================
== Utilization Estimates
================================================================
* Summary: 
+-----------------+---------+-----+--------+-------+-----+
|       Name      | BRAM_18K| DSP |   FF   |  LUT  | URAM|
+-----------------+---------+-----+--------+-------+-----+
|DSP              |        -|    -|       -|      -|    -|
|Expression       |        -|    -|       0|    130|    -|
|FIFO             |        -|    -|       -|      -|    -|
|Instance         |        -|    -|      16|    110|    -|
|Memory           |        -|    -|       -|      -|    -|
|Multiplexer      |        -|    -|       -|     70|    -|
|Register         |        -|    -|     147|      -|    -|
+-----------------+---------+-----+--------+-------+-----+
|Total            |        0|    0|     163|    310|    0|
+-----------------+---------+-----+--------+-------+-----+
|Available        |      280|  220|  106400|  53200|    0|
+-----------------+---------+-----+--------+-------+-----+
|Utilization (%)  |        0|    0|      ~0|     ~0|    0|
+-----------------+---------+-----+--------+-------+-----+

+ Detail: 
    * Instance: 
    +-----------------------------------------------------------------+-------------------------------------------------------+---------+----+----+-----+-----+
    |                             Instance                            |                         Module                        | BRAM_18K| DSP| FF | LUT | URAM|
    +-----------------------------------------------------------------+-------------------------------------------------------+---------+----+----+-----+-----+
    |grp_xfMat2axis_24_9_2160_3840_1_Pipeline_loop_col_mat2axi_fu_82  |xfMat2axis_24_9_2160_3840_1_Pipeline_loop_col_mat2axi  |        0|   0|  16|  110|    0|
    +-----------------------------------------------------------------+-------------------------------------------------------+---------+----+----+-----+-----+
    |Total                                                            |                                                       |        0|   0|  16|  110|    0|
    +-----------------------------------------------------------------+-------------------------------------------------------+---------+----+----+-----+-----+

    * DSP: 
    N/A

    * Memory: 
    N/A

    * FIFO: 
    N/A

    * Expression: 
    +----------------------------------------------------------------------------+----------+----+---+----+------------+------------+
    |                                Variable Name                               | Operation| DSP| FF| LUT| Bitwidth P0| Bitwidth P1|
    +----------------------------------------------------------------------------+----------+----+---+----+------------+------------+
    |i_2_fu_134_p2                                                               |         +|   0|  0|  12|          12|           1|
    |sub9_fu_111_p2                                                              |         +|   0|  0|  39|          32|           2|
    |sub_fu_105_p2                                                               |         +|   0|  0|  39|          32|           2|
    |grp_xfMat2axis_24_9_2160_3840_1_Pipeline_loop_col_mat2axi_fu_82_dst_TREADY  |       and|   0|  0|   2|           1|           1|
    |icmp_ln70_fu_129_p2                                                         |      icmp|   0|  0|  18|          32|          32|
    |icmp_ln77_fu_140_p2                                                         |      icmp|   0|  0|  18|          32|          32|
    |ap_block_state1                                                             |        or|   0|  0|   2|           1|           1|
    +----------------------------------------------------------------------------+----------+----+---+----+------------+------------+
    |Total                                                                       |          |   0|  0| 130|         142|          71|
    +----------------------------------------------------------------------------+----------+----+---+----+------------+------------+

    * Multiplexer: 
    +------------------+----+-----------+-----+-----------+
    |       Name       | LUT| Input Size| Bits| Total Bits|
    +------------------+----+-----------+-----+-----------+
    |ap_NS_fsm         |  25|          5|    1|          5|
    |ap_done           |   9|          2|    1|          2|
    |dst_mat_421_read  |   9|          2|    1|          2|
    |i_fu_66           |   9|          2|   12|         24|
    |img_cols_blk_n    |   9|          2|    1|          2|
    |img_rows_blk_n    |   9|          2|    1|          2|
    +------------------+----+-----------+-----+-----------+
    |Total             |  70|         15|   17|         37|
    +------------------+----+-----------+-----+-----------+

    * Register: 
    +------------------------------------------------------------------------------+----+----+-----+-----------+
    |                                     Name                                     | FF | LUT| Bits| Const Bits|
    +------------------------------------------------------------------------------+----+----+-----+-----------+
    |ap_CS_fsm                                                                     |   4|   0|    4|          0|
    |ap_done_reg                                                                   |   1|   0|    1|          0|
    |cols_reg_158                                                                  |  32|   0|   32|          0|
    |grp_xfMat2axis_24_9_2160_3840_1_Pipeline_loop_col_mat2axi_fu_82_ap_start_reg  |   1|   0|    1|          0|
    |i_fu_66                                                                       |  12|   0|   12|          0|
    |icmp_ln77_reg_181                                                             |   1|   0|    1|          0|
    |rows_reg_163                                                                  |  32|   0|   32|          0|
    |sub9_reg_173                                                                  |  32|   0|   32|          0|
    |sub_reg_168                                                                   |  32|   0|   32|          0|
    +------------------------------------------------------------------------------+----+----+-----+-----------+
    |Total                                                                         | 147|   0|  147|          0|
    +------------------------------------------------------------------------------+----+----+-----+-----------+



================================================================
== Interface
================================================================
* Summary: 
+---------------------+-----+-----+------------+----------------------------------+--------------+
|      RTL Ports      | Dir | Bits|  Protocol  |           Source Object          |    C Type    |
+---------------------+-----+-----+------------+----------------------------------+--------------+
|ap_clk               |   in|    1|  ap_ctrl_hs|  xfMat2axis<24, 9, 2160, 3840, 1>|  return value|
|ap_rst               |   in|    1|  ap_ctrl_hs|  xfMat2axis<24, 9, 2160, 3840, 1>|  return value|
|ap_start             |   in|    1|  ap_ctrl_hs|  xfMat2axis<24, 9, 2160, 3840, 1>|  return value|
|ap_done              |  out|    1|  ap_ctrl_hs|  xfMat2axis<24, 9, 2160, 3840, 1>|  return value|
|ap_continue          |   in|    1|  ap_ctrl_hs|  xfMat2axis<24, 9, 2160, 3840, 1>|  return value|
|ap_idle              |  out|    1|  ap_ctrl_hs|  xfMat2axis<24, 9, 2160, 3840, 1>|  return value|
|ap_ready             |  out|    1|  ap_ctrl_hs|  xfMat2axis<24, 9, 2160, 3840, 1>|  return value|
|img_rows_dout        |   in|   32|     ap_fifo|                          img_rows|       pointer|
|img_rows_empty_n     |   in|    1|     ap_fifo|                          img_rows|       pointer|
|img_rows_read        |  out|    1|     ap_fifo|                          img_rows|       pointer|
|img_cols_dout        |   in|   32|     ap_fifo|                          img_cols|       pointer|
|img_cols_empty_n     |   in|    1|     ap_fifo|                          img_cols|       pointer|
|img_cols_read        |  out|    1|     ap_fifo|                          img_cols|       pointer|
|dst_mat_421_dout     |   in|   24|     ap_fifo|                       dst_mat_421|       pointer|
|dst_mat_421_empty_n  |   in|    1|     ap_fifo|                       dst_mat_421|       pointer|
|dst_mat_421_read     |  out|    1|     ap_fifo|                       dst_mat_421|       pointer|
|dst_TDATA            |  out|   24|        axis|                      dst_V_data_V|       pointer|
|dst_TVALID           |  out|    1|        axis|                      dst_V_dest_V|       pointer|
|dst_TREADY           |   in|    1|        axis|                      dst_V_dest_V|       pointer|
|dst_TDEST            |  out|    1|        axis|                      dst_V_dest_V|       pointer|
|dst_TKEEP            |  out|    3|        axis|                      dst_V_keep_V|       pointer|
|dst_TSTRB            |  out|    3|        axis|                      dst_V_strb_V|       pointer|
|dst_TUSER            |  out|    1|        axis|                      dst_V_user_V|       pointer|
|dst_TLAST            |  out|    1|        axis|                      dst_V_last_V|       pointer|
|dst_TID              |  out|    1|        axis|                        dst_V_id_V|       pointer|
+---------------------+-----+-----+------------+----------------------------------+--------------+

